// Vitest Snapshot v1

exports[`number > seed: 42 > hexadecimal() 1`] = `"8"`;

exports[`number > seed: 42 > int() 1`] = `37454`;

exports[`number > seed: 1211 > hexadecimal() 1`] = `"E"`;

exports[`number > seed: 1211 > int() 1`] = `92852`;

exports[`number > seed: 1337 > hexadecimal() 1`] = `"5"`;

exports[`number > seed: 1337 > int() 1`] = `26202`;
